// Jest Snapshot v1, https://goo.gl/fbAQLP

exports[`LambdaCloudwatchDashboardStack should $message 1`] = `
Object {
  "Outputs": Object {
    "DashboardOutput": Object {
      "Description": "URL of Sample CloudWatch Dashboard",
      "Export": Object {
        "Name": "SampleCloudWatchDashboardURL",
      },
      "Value": Object {
        "Fn::Join": Array [
          "",
          Array [
            "https://",
            Object {
              "Ref": "AWS::Region",
            },
            ".console.aws.amazon.com/cloudwatch/home?region=",
            Object {
              "Ref": "AWS::Region",
            },
            "#dashboards:name=DashboardTestName",
          ],
        ],
      },
    },
    "LambdaName": Object {
      "Description": "Name of the sample Lambda Function",
      "Export": Object {
        "Name": "LambdaName",
      },
      "Value": Object {
        "Ref": "SampleLambdaB2FF4FA1",
      },
    },
  },
  "Parameters": Object {
    "BootstrapVersion": Object {
      "Default": "/cdk-bootstrap/hnb659fds/version",
      "Description": "Version of the CDK Bootstrap resources in this environment, automatically retrieved from SSM Parameter Store. [cdk:skip]",
      "Type": "AWS::SSM::Parameter::Value<String>",
    },
  },
  "Resources": Object {
    "LogRetentionaae0aa3c5b4d4f87b02d85b201efdd8aFD4BFC8A": Object {
      "DependsOn": Array [
        "LogRetentionaae0aa3c5b4d4f87b02d85b201efdd8aServiceRoleDefaultPolicyADDA7DEB",
        "LogRetentionaae0aa3c5b4d4f87b02d85b201efdd8aServiceRole9741ECFB",
      ],
      "Properties": Object {
        "Code": Object {
          "S3Bucket": Object {
            "Fn::Sub": "cdk-hnb659fds-assets-\${AWS::AccountId}-\${AWS::Region}",
          },
          "S3Key": "4e26bf2d0a26f2097fb2b261f22bb51e3f6b4b52635777b1e54edbd8e2d58c35.zip",
        },
        "Handler": "index.handler",
        "Role": Object {
          "Fn::GetAtt": Array [
            "LogRetentionaae0aa3c5b4d4f87b02d85b201efdd8aServiceRole9741ECFB",
            "Arn",
          ],
        },
        "Runtime": "nodejs18.x",
        "Timeout": 900,
      },
      "Type": "AWS::Lambda::Function",
    },
    "LogRetentionaae0aa3c5b4d4f87b02d85b201efdd8aServiceRole9741ECFB": Object {
      "Properties": Object {
        "AssumeRolePolicyDocument": Object {
          "Statement": Array [
            Object {
              "Action": "sts:AssumeRole",
              "Effect": "Allow",
              "Principal": Object {
                "Service": "lambda.amazonaws.com",
              },
            },
          ],
          "Version": "2012-10-17",
        },
        "ManagedPolicyArns": Array [
          Object {
            "Fn::Join": Array [
              "",
              Array [
                "arn:",
                Object {
                  "Ref": "AWS::Partition",
                },
                ":iam::aws:policy/service-role/AWSLambdaBasicExecutionRole",
              ],
            ],
          },
        ],
      },
      "Type": "AWS::IAM::Role",
    },
    "LogRetentionaae0aa3c5b4d4f87b02d85b201efdd8aServiceRoleDefaultPolicyADDA7DEB": Object {
      "Properties": Object {
        "PolicyDocument": Object {
          "Statement": Array [
            Object {
              "Action": Array [
                "logs:PutRetentionPolicy",
                "logs:DeleteRetentionPolicy",
              ],
              "Effect": "Allow",
              "Resource": "*",
            },
          ],
          "Version": "2012-10-17",
        },
        "PolicyName": "LogRetentionaae0aa3c5b4d4f87b02d85b201efdd8aServiceRoleDefaultPolicyADDA7DEB",
        "Roles": Array [
          Object {
            "Ref": "LogRetentionaae0aa3c5b4d4f87b02d85b201efdd8aServiceRole9741ECFB",
          },
        ],
      },
      "Type": "AWS::IAM::Policy",
    },
    "SampleLambdaB2FF4FA1": Object {
      "DependsOn": Array [
        "SampleLambdaServiceRoleB1A8618F",
      ],
      "Properties": Object {
        "Code": Object {
          "S3Bucket": Object {
            "Fn::Sub": "cdk-hnb659fds-assets-\${AWS::AccountId}-\${AWS::Region}",
          },
          "S3Key": "ccb703e6123fc127ee4504235b195370e8cb367fec09ab348db6b6304a1beb15.zip",
        },
        "Handler": "lambda-handler.handler",
        "MemorySize": 512,
        "Role": Object {
          "Fn::GetAtt": Array [
            "SampleLambdaServiceRoleB1A8618F",
            "Arn",
          ],
        },
        "Runtime": "python3.12",
        "Timeout": 10,
      },
      "Type": "AWS::Lambda::Function",
    },
    "SampleLambdaDashboard39118496": Object {
      "Properties": Object {
        "DashboardBody": Object {
          "Fn::Join": Array [
            "",
            Array [
              "{\\"widgets\\":[{\\"type\\":\\"text\\",\\"width\\":24,\\"height\\":1,\\"x\\":0,\\"y\\":0,\\"properties\\":{\\"markdown\\":\\"# Dashboard: ",
              Object {
                "Ref": "SampleLambdaB2FF4FA1",
              },
              "\\"}},{\\"type\\":\\"metric\\",\\"width\\":24,\\"height\\":6,\\"x\\":0,\\"y\\":1,\\"properties\\":{\\"view\\":\\"timeSeries\\",\\"title\\":\\"Invocations\\",\\"region\\":\\"",
              Object {
                "Ref": "AWS::Region",
              },
              "\\",\\"metrics\\":[[\\"AWS/Lambda\\",\\"Invocations\\",\\"FunctionName\\",\\"",
              Object {
                "Ref": "SampleLambdaB2FF4FA1",
              },
              "\\",{\\"stat\\":\\"Sum\\"}]],\\"yAxis\\":{}}},{\\"type\\":\\"metric\\",\\"width\\":24,\\"height\\":6,\\"x\\":0,\\"y\\":7,\\"properties\\":{\\"view\\":\\"timeSeries\\",\\"title\\":\\"Errors\\",\\"region\\":\\"",
              Object {
                "Ref": "AWS::Region",
              },
              "\\",\\"metrics\\":[[\\"AWS/Lambda\\",\\"Errors\\",\\"FunctionName\\",\\"",
              Object {
                "Ref": "SampleLambdaB2FF4FA1",
              },
              "\\",{\\"stat\\":\\"Sum\\"}]],\\"yAxis\\":{}}},{\\"type\\":\\"metric\\",\\"width\\":24,\\"height\\":6,\\"x\\":0,\\"y\\":13,\\"properties\\":{\\"view\\":\\"timeSeries\\",\\"title\\":\\"Duration\\",\\"region\\":\\"",
              Object {
                "Ref": "AWS::Region",
              },
              "\\",\\"metrics\\":[[\\"AWS/Lambda\\",\\"Duration\\",\\"FunctionName\\",\\"",
              Object {
                "Ref": "SampleLambdaB2FF4FA1",
              },
              "\\"]],\\"yAxis\\":{}}},{\\"type\\":\\"metric\\",\\"width\\":24,\\"height\\":6,\\"x\\":0,\\"y\\":19,\\"properties\\":{\\"view\\":\\"timeSeries\\",\\"title\\":\\"Throttles\\",\\"region\\":\\"",
              Object {
                "Ref": "AWS::Region",
              },
              "\\",\\"metrics\\":[[\\"AWS/Lambda\\",\\"Throttles\\",\\"FunctionName\\",\\"",
              Object {
                "Ref": "SampleLambdaB2FF4FA1",
              },
              "\\",{\\"stat\\":\\"Sum\\"}]],\\"yAxis\\":{}}},{\\"type\\":\\"log\\",\\"width\\":24,\\"height\\":6,\\"x\\":0,\\"y\\":25,\\"properties\\":{\\"view\\":\\"table\\",\\"region\\":\\"",
              Object {
                "Ref": "AWS::Region",
              },
              "\\",\\"query\\":\\"SOURCE '",
              Object {
                "Fn::GetAtt": Array [
                  "SampleLambdaLogRetentionE3451573",
                  "LogGroupName",
                ],
              },
              "' | fields @timestamp, @message\\\\n| sort @timestamp desc\\\\n| limit 20\\"}}]}",
            ],
          ],
        },
        "DashboardName": "DashboardTestName",
      },
      "Type": "AWS::CloudWatch::Dashboard",
    },
    "SampleLambdaLogRetentionE3451573": Object {
      "Properties": Object {
        "LogGroupName": Object {
          "Fn::Join": Array [
            "",
            Array [
              "/aws/lambda/",
              Object {
                "Ref": "SampleLambdaB2FF4FA1",
              },
            ],
          ],
        },
        "ServiceToken": Object {
          "Fn::GetAtt": Array [
            "LogRetentionaae0aa3c5b4d4f87b02d85b201efdd8aFD4BFC8A",
            "Arn",
          ],
        },
      },
      "Type": "Custom::LogRetention",
    },
    "SampleLambdaServiceRoleB1A8618F": Object {
      "Properties": Object {
        "AssumeRolePolicyDocument": Object {
          "Statement": Array [
            Object {
              "Action": "sts:AssumeRole",
              "Effect": "Allow",
              "Principal": Object {
                "Service": "lambda.amazonaws.com",
              },
            },
          ],
          "Version": "2012-10-17",
        },
        "ManagedPolicyArns": Array [
          Object {
            "Fn::Join": Array [
              "",
              Array [
                "arn:",
                Object {
                  "Ref": "AWS::Partition",
                },
                ":iam::aws:policy/service-role/AWSLambdaBasicExecutionRole",
              ],
            ],
          },
        ],
      },
      "Type": "AWS::IAM::Role",
    },
  },
  "Rules": Object {
    "CheckBootstrapVersion": Object {
      "Assertions": Array [
        Object {
          "Assert": Object {
            "Fn::Not": Array [
              Object {
                "Fn::Contains": Array [
                  Array [
                    "1",
                    "2",
                    "3",
                    "4",
                    "5",
                  ],
                  Object {
                    "Ref": "BootstrapVersion",
                  },
                ],
              },
            ],
          },
          "AssertDescription": "CDK bootstrap stack version 6 required. Please run 'cdk bootstrap' with a recent version of the CDK CLI.",
        },
      ],
    },
  },
}
`;

exports[`LambdaCloudwatchDashboardStack should $message 2`] = `
Object {
  "Outputs": Object {
    "DashboardOutput": Object {
      "Description": "URL of Sample CloudWatch Dashboard",
      "Export": Object {
        "Name": "SampleCloudWatchDashboardURL",
      },
      "Value": Object {
        "Fn::Join": Array [
          "",
          Array [
            "https://",
            Object {
              "Ref": "AWS::Region",
            },
            ".console.aws.amazon.com/cloudwatch/home?region=",
            Object {
              "Ref": "AWS::Region",
            },
            "#dashboards:name=DashboardTestName",
          ],
        ],
      },
    },
    "LambdaName": Object {
      "Description": "Name of the sample Lambda Function",
      "Export": Object {
        "Name": "LambdaName",
      },
      "Value": Object {
        "Ref": "SampleLambdaB2FF4FA1",
      },
    },
  },
  "Parameters": Object {
    "BootstrapVersion": Object {
      "Default": "/cdk-bootstrap/hnb659fds/version",
      "Description": "Version of the CDK Bootstrap resources in this environment, automatically retrieved from SSM Parameter Store. [cdk:skip]",
      "Type": "AWS::SSM::Parameter::Value<String>",
    },
  },
  "Resources": Object {
    "LogRetentionaae0aa3c5b4d4f87b02d85b201efdd8aFD4BFC8A": Object {
      "DependsOn": Array [
        "LogRetentionaae0aa3c5b4d4f87b02d85b201efdd8aServiceRoleDefaultPolicyADDA7DEB",
        "LogRetentionaae0aa3c5b4d4f87b02d85b201efdd8aServiceRole9741ECFB",
      ],
      "Properties": Object {
        "Code": Object {
          "S3Bucket": Object {
            "Fn::Sub": "cdk-hnb659fds-assets-\${AWS::AccountId}-\${AWS::Region}",
          },
          "S3Key": "4e26bf2d0a26f2097fb2b261f22bb51e3f6b4b52635777b1e54edbd8e2d58c35.zip",
        },
        "Handler": "index.handler",
        "Role": Object {
          "Fn::GetAtt": Array [
            "LogRetentionaae0aa3c5b4d4f87b02d85b201efdd8aServiceRole9741ECFB",
            "Arn",
          ],
        },
        "Runtime": "nodejs18.x",
        "Timeout": 900,
      },
      "Type": "AWS::Lambda::Function",
    },
    "LogRetentionaae0aa3c5b4d4f87b02d85b201efdd8aServiceRole9741ECFB": Object {
      "Properties": Object {
        "AssumeRolePolicyDocument": Object {
          "Statement": Array [
            Object {
              "Action": "sts:AssumeRole",
              "Effect": "Allow",
              "Principal": Object {
                "Service": "lambda.amazonaws.com",
              },
            },
          ],
          "Version": "2012-10-17",
        },
        "ManagedPolicyArns": Array [
          Object {
            "Fn::Join": Array [
              "",
              Array [
                "arn:",
                Object {
                  "Ref": "AWS::Partition",
                },
                ":iam::aws:policy/service-role/AWSLambdaBasicExecutionRole",
              ],
            ],
          },
        ],
      },
      "Type": "AWS::IAM::Role",
    },
    "LogRetentionaae0aa3c5b4d4f87b02d85b201efdd8aServiceRoleDefaultPolicyADDA7DEB": Object {
      "Properties": Object {
        "PolicyDocument": Object {
          "Statement": Array [
            Object {
              "Action": Array [
                "logs:PutRetentionPolicy",
                "logs:DeleteRetentionPolicy",
              ],
              "Effect": "Allow",
              "Resource": "*",
            },
          ],
          "Version": "2012-10-17",
        },
        "PolicyName": "LogRetentionaae0aa3c5b4d4f87b02d85b201efdd8aServiceRoleDefaultPolicyADDA7DEB",
        "Roles": Array [
          Object {
            "Ref": "LogRetentionaae0aa3c5b4d4f87b02d85b201efdd8aServiceRole9741ECFB",
          },
        ],
      },
      "Type": "AWS::IAM::Policy",
    },
    "SampleLambdaB2FF4FA1": Object {
      "DependsOn": Array [
        "SampleLambdaServiceRoleB1A8618F",
      ],
      "Properties": Object {
        "Code": Object {
          "S3Bucket": Object {
            "Fn::Sub": "cdk-hnb659fds-assets-\${AWS::AccountId}-\${AWS::Region}",
          },
          "S3Key": "ccb703e6123fc127ee4504235b195370e8cb367fec09ab348db6b6304a1beb15.zip",
        },
        "Handler": "lambda-handler.handler",
        "MemorySize": 512,
        "Role": Object {
          "Fn::GetAtt": Array [
            "SampleLambdaServiceRoleB1A8618F",
            "Arn",
          ],
        },
        "Runtime": "python3.12",
        "Timeout": 10,
      },
      "Type": "AWS::Lambda::Function",
    },
    "SampleLambdaDashboard39118496": Object {
      "Properties": Object {
        "DashboardBody": Object {
          "Fn::Join": Array [
            "",
            Array [
              "{\\"widgets\\":[{\\"type\\":\\"text\\",\\"width\\":24,\\"height\\":1,\\"x\\":0,\\"y\\":0,\\"properties\\":{\\"markdown\\":\\"# Dashboard: ",
              Object {
                "Ref": "SampleLambdaB2FF4FA1",
              },
              "\\"}},{\\"type\\":\\"metric\\",\\"width\\":24,\\"height\\":6,\\"x\\":0,\\"y\\":1,\\"properties\\":{\\"view\\":\\"timeSeries\\",\\"title\\":\\"Invocations\\",\\"region\\":\\"",
              Object {
                "Ref": "AWS::Region",
              },
              "\\",\\"metrics\\":[[\\"AWS/Lambda\\",\\"Invocations\\",\\"FunctionName\\",\\"",
              Object {
                "Ref": "SampleLambdaB2FF4FA1",
              },
              "\\",{\\"stat\\":\\"Sum\\"}]],\\"yAxis\\":{}}},{\\"type\\":\\"metric\\",\\"width\\":24,\\"height\\":6,\\"x\\":0,\\"y\\":7,\\"properties\\":{\\"view\\":\\"timeSeries\\",\\"title\\":\\"Errors\\",\\"region\\":\\"",
              Object {
                "Ref": "AWS::Region",
              },
              "\\",\\"metrics\\":[[\\"AWS/Lambda\\",\\"Errors\\",\\"FunctionName\\",\\"",
              Object {
                "Ref": "SampleLambdaB2FF4FA1",
              },
              "\\",{\\"stat\\":\\"Sum\\"}]],\\"yAxis\\":{}}},{\\"type\\":\\"metric\\",\\"width\\":24,\\"height\\":6,\\"x\\":0,\\"y\\":13,\\"properties\\":{\\"view\\":\\"timeSeries\\",\\"title\\":\\"Duration\\",\\"region\\":\\"",
              Object {
                "Ref": "AWS::Region",
              },
              "\\",\\"metrics\\":[[\\"AWS/Lambda\\",\\"Duration\\",\\"FunctionName\\",\\"",
              Object {
                "Ref": "SampleLambdaB2FF4FA1",
              },
              "\\"]],\\"yAxis\\":{}}},{\\"type\\":\\"metric\\",\\"width\\":24,\\"height\\":6,\\"x\\":0,\\"y\\":19,\\"properties\\":{\\"view\\":\\"timeSeries\\",\\"title\\":\\"Throttles\\",\\"region\\":\\"",
              Object {
                "Ref": "AWS::Region",
              },
              "\\",\\"metrics\\":[[\\"AWS/Lambda\\",\\"Throttles\\",\\"FunctionName\\",\\"",
              Object {
                "Ref": "SampleLambdaB2FF4FA1",
              },
              "\\",{\\"stat\\":\\"Sum\\"}]],\\"yAxis\\":{}}},{\\"type\\":\\"log\\",\\"width\\":24,\\"height\\":6,\\"x\\":0,\\"y\\":25,\\"properties\\":{\\"view\\":\\"table\\",\\"region\\":\\"",
              Object {
                "Ref": "AWS::Region",
              },
              "\\",\\"query\\":\\"SOURCE '",
              Object {
                "Fn::GetAtt": Array [
                  "SampleLambdaLogRetentionE3451573",
                  "LogGroupName",
                ],
              },
              "' | fields @timestamp, @message\\\\n| sort @timestamp desc\\\\n| limit 20\\"}}]}",
            ],
          ],
        },
        "DashboardName": "DashboardTestName",
      },
      "Type": "AWS::CloudWatch::Dashboard",
    },
    "SampleLambdaLogRetentionE3451573": Object {
      "Properties": Object {
        "LogGroupName": Object {
          "Fn::Join": Array [
            "",
            Array [
              "/aws/lambda/",
              Object {
                "Ref": "SampleLambdaB2FF4FA1",
              },
            ],
          ],
        },
        "ServiceToken": Object {
          "Fn::GetAtt": Array [
            "LogRetentionaae0aa3c5b4d4f87b02d85b201efdd8aFD4BFC8A",
            "Arn",
          ],
        },
      },
      "Type": "Custom::LogRetention",
    },
    "SampleLambdaServiceRoleB1A8618F": Object {
      "Properties": Object {
        "AssumeRolePolicyDocument": Object {
          "Statement": Array [
            Object {
              "Action": "sts:AssumeRole",
              "Effect": "Allow",
              "Principal": Object {
                "Service": "lambda.amazonaws.com",
              },
            },
          ],
          "Version": "2012-10-17",
        },
        "ManagedPolicyArns": Array [
          Object {
            "Fn::Join": Array [
              "",
              Array [
                "arn:",
                Object {
                  "Ref": "AWS::Partition",
                },
                ":iam::aws:policy/service-role/AWSLambdaBasicExecutionRole",
              ],
            ],
          },
        ],
      },
      "Type": "AWS::IAM::Role",
    },
  },
  "Rules": Object {
    "CheckBootstrapVersion": Object {
      "Assertions": Array [
        Object {
          "Assert": Object {
            "Fn::Not": Array [
              Object {
                "Fn::Contains": Array [
                  Array [
                    "1",
                    "2",
                    "3",
                    "4",
                    "5",
                  ],
                  Object {
                    "Ref": "BootstrapVersion",
                  },
                ],
              },
            ],
          },
          "AssertDescription": "CDK bootstrap stack version 6 required. Please run 'cdk bootstrap' with a recent version of the CDK CLI.",
        },
      ],
    },
  },
}
`;
